[backblue.gif]
[fade.gif]
[index.html]
[index-2.html]
[images/title.css]
[images/sprymenubar.js]
[images/tmailo.gif]
[images/tnouso.gif]
[images/tacco.gif]
[images/tplano.gif]
[images/tlego.gif]
[images/tcopo.gif]
[images/tlieno.gif]
[images/tenso.gif]
[images/tnewo.gif]
[images/tbaso.gif]
[images/tdonso.gif]
[images/tsjbmo.gif]
[images/tens.gif]
[images/tlien.gif]
[images/tbas.gif]
[images/tnew.gif]
[images/prep_internat_titre_2012.png]
[images/tacc.gif]
[images/tplan.gif]
[images/tcop.gif]
[images/tsjbm.gif]
[images/tmail.gif]
[images/tnous.gif]
[images/tleg.gif]
[bi_acc.html]
[bi_diab.html]
[bi_dysl.html]
[bi_rein.html]
[images/tdons.gif]
[bi_foie.html]
[images/memobio.jpg]
[images/news.png]
[bi_panc.html]
[bi_coeu.html]
[bi_hydr.html]
[bi_acba.html]
[bi_phca.html]
[bi_thyr.html]
[bi_surr.html]
[images/1_cgp_questions.pdf]
[images/1_cgp_reponses.pdf]
[bi_tumo.html]
[bi_uric.html]
[he_acc.html]
[he_anem.html]
[images/bgtitle.jpg]
[images/bgmenu.gif]
[images/sprymenubardownhover.gif]
[images/sprymenubarright.gif]
[he_thro.html]
[he_mono.html]
[he_slpc.html]
[he_smpc.html]
[images/sprymenubarrighthover.gif]
[he_aigu.html]
[he_smd.html]
[he_stas.html]
[he_immu.html]
[he_phot.html]
[im_acc.html]
[im_alle.html]
[im_auto.html]
[im_elec.html]
[im_infl.html]
[ba_acc.html]
[ba_bact.html]
[ba_prel.html]
[ba_atb.html]
[ba_path.html]
[ba_tech.html]
[ba_traitement.html]
[vi_acc.html]
[vi_vih.html]
[vi_vhc.html]
[vi_vhb.html]
[vi_vha.html]
[vi_ebv.html]
[vi_cmv.html]
[vi_hsv.html]
[pa_acc.html]
[pa_tepr.html]
[pa_micro.html]
[my_micro.html]
[pa_sero.html]
[pa_tech.html]
[pa_prel.html]
[pa_clin.html]
[pa_rgeo.html]
[pa_palu.html]
[pa_toxo.html]
[pa_cycle.html]
[pa_fich.html]
[enseig.html]
[liens.html]
[base.html]
[formulaire.html]
[index-3.html]
[sitemap.html]
[copy.html]
[sjbm.html]
[nous.html]
[legal.html]
[dons.html]
[bi_dig_di.html]
[he_st_avk.html]
[vi_vih_tde.html]
[vi_vih_ptt.html]
[bi_th_dihy.html]
[ba_trait.html]
[formation2014.html]
[images/bioc.css]
[bi_horm.html]
[bi_dia_def.html]
[bi_did_ph.html]
[bi_did_di.html]
[bi_did_ac.html]
[bi_did_ptt.html]
[bi_dni_ph.html]
[bi_dni_di.html]
[bi_dni_spm.html]
[bi_dni_ptt.html]
[bi_dig_ptt.html]
[bi_dni_dix.html]
[bi_dy_fr.html]
[bi_dy_di.html]
[bi_dy_int.html]
[bi_dy_fac.html]
[bi_dy_tt.html]
[bi_re_ph.html]
[bi_re_irc.html]
[bi_re_di.html]
[bi_re_dfg.html]
[bi_re_ptt.html]
[bi_re_ore.html]
[bi_re_snp.html]
[bi_re_snd.html]
[bi_he_ph.html]
[bi_he_ch.html]
[bi_he_cy.html]
[bi_he_ih.html]
[bi_he_ci.html]
[bi_pa_ph.html]
[bi_pa_di.html]
[bi_pa_pr.html]
[bi_pa_ptt.html]
[bi_co_idm.html]
[bi_co_pla.html]
[bi_co_ic.html]
[bi_hy_ph.html]
[bi_hy_re.html]
[bi_hy_in.html]
[bi_hy_hy.html]
[bi_hy_ho.html]
[bi_ac_is.html]
[bi_ac_co.html]
[bi_ac_etab.html]
[bi_ac_etam.html]
[images/beh_31_32_2007.pdf]
[bi_pc_re.html]
[bi_pc_ethy.html]
[bi_pc_etho.html]
[bi_pc_bipc.html]
[bi_pc_biro.html]
[bi_th_etho.html]
[bi_th_ph.html]
[bi_th_ethy.html]
[bi_th_ba.html]
[bi_th_diho.html]
[bi_su_ph.html]
[bi_su_et.html]
[bi_su_di.html]
[bi_su_co.html]
[bi_su_ad.html]
[bi_tu_in.html]
[bi_tu_ca.html]
[bi_tu_mt.html]
[bi_ur_me.html]
[bi_ur_et.html]
[bi_ur_ep.html]
[bi_ur_co.html]
[images/hema.css]
[he_an_cl.html]
[he_an_et.html]
[he_an_mi.html]
[he_an_mie.html]
[he_an_nor.html]
[he_an_hai.html]
[he_an_mat.html]
[he_an_dr.html]
[he_an_ma.html]
[he_an_bf.html]
[he_an_mds.html]
[he_th_et.html]
[he_th_pti.html]
[he_th_ptt.html]
[he_th_tih.html]
[he_mo_smn.html]
[he_mo_etio.html]
[he_sl_llc.html]
[he_sl_wal.html]
[he_sl_kha.html]
[he_sl_tri.html]
[he_sm_lmc.html]
[he_sm_pv.html]
[he_sm_te.html]
[he_sm_sm.html]
[he_la_lal.html]
[he_la_lam.html]
[he_md_md.html]
[he_md_cl.html]
[he_md_mmc.html]
[he_st_ph.html]
[he_st_di.html]
[he_st_wb.html]
[he_st_ha.html]
[he_st_hb.html]
[he_st_sap.html]
[he_st_sapb.html]
[he_st_hep.html]
[he_st_tih.html]
[he_im_ph.html]
[he_im_re.html]
[he_im_coo.html]
[he_im_rai.html]
[he_ph_llc.html]
[he_ph_llcp.html]
[he_ph_fol.html]
[he_ph_mar.html]
[he_ph_vil.html]
[he_ph_man.html]
[he_ph_tri.html]
[images/immu.css]
[im_al_ph.html]
[im_al_ep.html]
[im_al_di.html]
[im_al_tt.html]
[im_al_mos.html]
[im_al_mud.html]
[im_al_mrq.html]
[im_al_acb.html]
[im_al_mon.html]
[im_au_les.html]
[im_au_ph.html]
[im_au_nu.html]
[im_au_pnn.html]
[im_au_fr.html]
[im_au_pl.html]
[im_au_spe.html]
[im_au_pho.html]
[im_au_pr.html]
[im_au_coe.html]
[im_au_sgs.html]
[im_au_eli.html]
[im_au_ifi.html]
[im_au_far.html]
[im_el_no.html]
[im_el_pr.html]
[im_el_pa.html]
[im_el_bis.html]
[im_el_sne.html]
[im_el_cde.html]
[im_el_inf.html]
[images/1054.pdf]
[im_el_gmo.html]
[im_in_vsf.html]
[im_in_vsp.html]
[im_in_vsi.html]
[im_in_pip.html]
[im_in_pii.html]
[im_in_ese.html]
[im_in_bil.html]
[im_in_et.html]
[images/bact.css]
[ba_ba_cgp.html]
[ba_ba_sau.html]
[ba_ba_spy.html]
[ba_ba_sag.html]
[ba_ba_spn.html]
[ba_ba_enc.html]
[ba_ba_cgn.html]
[ba_ba_nei.html]
[ba_ba_bca.html]
[ba_ba_bgp.html]
[ba_ba_lmo.html]
[ba_ba_cor.html]
[ba_ba_acti.html]
[ba_ba_noc.html]
[ba_ba_mtu.html]
[ba_ba_bgn.html]
[ba_ba_ent.html]
[ba_ba_pae.html]
[ba_ba_hin.html]
[ba_ba_lpn.html]
[ba_ba_cam.html]
[ba_ba_hpy.html]
[ba_ba_bpe.html]
[ba_ba_bhe.html]
[ba_ba_coan.html]
[ba_ba_bgpa.html]
[ba_ba_clo.html]
[ba_ba_bgna.html]
[ba_ba_chl.html]
[ba_ba_myc.html]
[ba_pr_cbu.html]
[ba_pr_cop.html]
[ba_pr_age.html]
[ba_pr_cbc.html]
[images/2007-paludisme-court.pdf]
[ba_pr_cut.html]
[ba_pr_gor.html]
[images/2007-paludisme-long.pdf]
[images/antifongiques-court-04.pdf]
[ba_an_sau.html]
[ba_an_str.html]
[ba_an_spn.html]
[ba_an_enc.html]
[ba_an_ent.html]
[ba_an_pae.html]
[ba_an_hin.html]
[ba_an_ngo.html]
[ba_an_nme.html]
[ba_an_atb.html]
[ba_pa_sye.html]
[ba_pa_syd.html]
[ba_pa_sydi.html]
[images/camera.gif]
[ba_pa_syi.html]
[ba_pa_syfi.html]
[ba_pa_ly.html]
[ba_te_coss.html]
[ba_te_chos.html]
[ba_te_mac.html]
[ba_te_dri.html]
[ba_te_ss.html]
[ba_te_hek.html]
[ba_te_cha.html]
[ba_te_gra.html]
[ba_te_tsa.html]
[ba_te_bcp.html]
[ba_te_cled.html]
[ba_te_cos.html]
[ba_te_cho.html]
[ba_te_chx.html]
[ba_te_bioc.html]
[ba_te_cat.html]
[ba_te_oxy.html]
[ba_te_coa.html]
[ba_te_dna.html]
[ba_te_esc.html]
[ba_te_utr.html]
[ba_te_mob.html]
[ba_te_pot.html]
[ba_te_por.html]
[ba_te_onp.html]
[ba_te_rvp.html]
[ba_te_cam.html]
[ba_te_agg.html]
[ba_te_colo.html]
[ba_te_gram.html]
[ba_te_zn.html]
[ba_te_ky.html]
[ba_te_aur.html]
[ba_te_acr.html]
[ba_te_chrom.html]
[ba_tt_classification des infections urinaires.html]
[ba_tt_traitement_cystite_simple.html]
[ba_tt_traitement_cystite_compliquee.html]
[ba_tt_traitement_cystite_recidivante.html]
[ba_tt_pyelonephrite_simple.html]
[ba_tt_pyelonephrite_compliquee.html]
[ba_tt_infection_urinaire_femme_enceinte.html]
[ba_tt_prostatite_aigue.html]
[ba_tt_angine.html]
[ba_tt_otite_moyenne_aigue.html]
[ba_tt_exacerbation_bpco.html]
[ba_tt_pneumonie_aigue_communautaire_ou_hospitalisation.html]
[ba_tt_pneumonie_aigue_communautaire_non_compliquee.html]
[ba_tt_pneumonie_aigue_communautaire_hospitalisee.html]
[ba_tt_pneumonie_aigue_communautaire_contexte_grippal.html]
[images/viro.css]
[rapport.html]
[vi_vih_ag.html]
[vi_vih_ep.html]
[vi_vih_co.html]
[vi_vih_ev.html]
[vi_vih_di.html]
[vi_vih_ci.html]
[vi_vih_tco.html]
[vi_vhc_ep.html]
[vi_vhc_ev.html]
[vi_vhc_dep.html]
[vi_vhc_di.html]
[vi_vhc_sea.html]
[vi_vhc_sec.html]
[vi_vhc_ptt.html]
[vi_vhc_sui.html]
[vi_vhb_ep.html]
[vi_vhb_cl.html]
[vi_vhb_di.html]
[vi_vhb_se.html]
[vi_vhb_int.html]
[vi_vhb_vhda.html]
[vi_vhb_vhdc.html]
[vi_vhb_ptt.html]
[vi_vhb_ttt.html]
[vi_vhb_sui.html]
[vi_vha_ep.html]
[vi_vha_cl.html]
[vi_vha_di.html]
[vi_vha_tt.html]
[vi_ebv_ep.html]
[vi_ebv_cl.html]
[vi_ebv_di.html]
[vi_ebv_tt.html]
[vi_cmv_ep.html]
[vi_cmv_cl.html]
[vi_cmv_di.html]
[vi_cmv_tt.html]
[vi_hsv_ep.html]
[vi_hsv_cl.html]
[vi_hsv_di.html]
[vi_hsv_tt.html]
[images/para.css]
[my_pr_sel.html]
[my_pr_uri.html]
[my_pr_on.html]
[my_pr_pe.html]
[my_pr_ch.html]
[my_pr_li.html]
[my_pr_wo.html]
[pa_mi_sel.html]
[pa_mi_ami.html]
[pa_mi_gin.html]
[pa_mi_eve.html]
[pa_mi_evev.html]
[pa_mi_alu.html]
[pa_mi_sst.html]
[pa_mi_sstv.html]
[pa_mi_tsa.html]
[pa_mi_fhe.html]
[pa_mi_sma.html]
[pa_mi_sha.html]
[pa_mi_palt.html]
[pa_mi_pal.html]
[pa_mi_tva.html]
[pa_mi_tvav.html]
[pa_mi_lei.html]
[my_fi_asp.html]
[pa_rg_oc.html]
[my_di_cal.html]
[my_di_cne.html]
[my_di_asp.html]
[my_di_der.html]
[my_ex_squ.html]
[my_ex_par.html]
[my_mi_afu.html]
[my_mi_afl.html]
[my_mi_ate.html]
[my_mi_ave.html]
[my_mi_ani.html]
[my_mi_ang.html]
[my_mi_taba.html]
[my_mi_tru.html]
[my_mi_tme.html]
[my_mi_mca.html]
[my_mi_mgy.html]
[my_mi_mau.html]
[my_mi_efl.html]
[my_mi_tabd.html]
[pa_se_ami.html]
[pa_se_lei.html]
[pa_se_pal.html]
[pa_se_tox.html]
[pa_se_oxy.html]
[pa_se_asc.html]
[pa_se_ang.html]
[pa_se_toxc.html]
[pa_se_tri.html]
[pa_se_tae.html]
[pa_se_cys.html]
[pa_se_hyd.html]
[pa_se_eal.html]
[pa_se_bil.html]
[pa_se_dis.html]
[my_se_can.html]
[my_se_cry.html]
[my_se_asp.html]
[pa_te_lug.html]
[pa_te_mif.html]
[pa_te_znm.html]
[pa_te_web.html]
[pa_te_van.html]
[pa_te_rit.html]
[pa_te_mifc.html]
[pa_te_gep.html]
[pa_te_bae.html]
[pa_te_cop.html]
[images/prep_internat_titre_2011.gif]
[pa_te_gra.html]
[pa_pr_san.html]
[pa_pr_uri.html]
[pa_pr_pva.html]
[images/memobio.pdf]
[images/memobio.ppt]
[images/hhv8_et_vih_2006.ppt]
[images/detection_genotypique_des_resistances_2006.ppt]
[pa_pr_rat.html]
[pa_pr_gan.html]
[pa_pr_moe.html]
[pa_pr_lcr.html]
[images/biologie_ir.ppt]
[images/allongement_ts.ppt]
[images/tvp.ppt]
[images/civd.ppt]
[pa_pr_lba.html]
[pa_pr_tdi.html]
[images/dyslipidemies_nouvelles_therapeutiques_2006.ppt]
[images/exploration osseuse - cours +cas cliniques - 2003.ppt]
[images/facteur_8_2004.ppt]
[images/tih.ppt]
[pa_pr_pbh.html]
[pa_pr_asc.html]
[pa_cl_occ.html]
[pa_cl_orl.html]
[images/insuf_renale_2004.ppt]
[images/cas_clinique_intox_alcool.ppt]
[images/myelome multiple - cas clinique - 2004.ppt]
[images/cas_clinique_basedow.ppt]
[pa_cl_pul.html]
[pa_cl_ple.html]
[pa_cl_hep.html]
[pa_cl_gen.html]
[images/cas_clinique_pancreatite.ppt]
[images/cas_clinique_llc.ppt]
[images/cas_clinique_diabete_de_type_1.ppt]
[images/cas_clinique_drepano.ppt]
[pa_cl_spl.html]
[pa_cl_car.html]
[images/intoxication_paracetamol_cas_clinique_2004.ppt]
[images/sitemapi4.gif]
[images/newsletter.jpg]
[pa_cl_neu.html]
[pa_cl_derm.html]
[pa_cl_loc.html]
[pa_rg_afno.html]
[images/sitemapi0.gif]
[images/sitemapi2.gif]
[pa_rg_afou.html]
[pa_rg_afes.html]
[pa_rg_afce.html]
[pa_rg_afau.html]
[pa_rg_amno.html]
[pa_rg_amce.html]
[pa_rg_amsu.html]
[pa_rg_amsut.html]
[pa_rg_moyo.html]
[pa_rg_asce.html]
[pa_rg_urss.html]
[pa_rg_asor.html]
[pa_rg_asse.html]
[pa_rg_euno.html]
[pa_rg_eusu.html]
[pa_rg_euou.html]
[pa_rg_eues.html]
[pa_pa_di.html]
[pa_pa_cr.html]
[pa_pa_pho.html]
[pa_pa_pr.html]
[pa_pa_tt.html]
[pa_pa_pro.html]
[pa_pa_ag.html]
[pa_pa_cy.html]
[pa_pa_cl.html]
[pa_to_di.html]
[pa_to_se.html]
[pa_to_ris.html]
[pa_to_prg.html]
[pa_to_prn.html]
[pa_to_pro.html]
[images/sjbm.gif]
[pa_to_ag.html]
[images/recommandation_diabete_gestationnel_2010.pdf]
[pa_to_cy.html]
[pa_to_cl.html]
[images/depistage_diagnostic_diabete_gestationnel_has_2005.pdf]
[images/avk_surdosage.gif]
[images/avk_ttt.gif]
[images/avk_cible.gif]
[pa_cy_ehi.html]
[pa_cy_gin.html]
[images/avk_bilan.gif]
[images/avk_epidemio.gif]
[images/avk.gif]
[images/vih_tdep.jpg]
[pa_cy_tox.html]
[pa_cy_pal.html]
[pa_cy_tsa.html]
[pa_cy_tso.html]
[images/rapport_2010_sur_la_prise_en_charge_medicale_des_personnes_infectees_par_le_vih_sous_la_direction_du_pr-_patrick_yeni.pdf]
[images/bg_menu.jpg]
[images/vih_ttt.jpg]
[images/diag_hyperth.jpg]
[pa_cy_fhe.html]
[pa_cy_bil.html]
[pa_cy_eve.html]
[pa_cy_alu.html]
[images/phy_did.jpg]
[images/acidoceto.jpg]
[images/phy_dnid.jpg]
[pa_cy_sst.html]
[pa_fi_ehi.html]
[pa_fi_gin.html]
[pa_fi_tva.html]
[pa_fi_tox.html]
[pa_fi_pal.html]
[pa_fi_lei.html]
[pa_fi_tsa.html]
[images/phy_rein.jpg]
[pa_fi_tso.html]
[pa_fi_fhe.html]
[images/regul_rein.jpg]
[images/sneph.jpg]
[pa_fi_shi.html]
[pa_fi_eve.html]
[images/nephro.jpg]
[images/phy_hep.jpg]
[images/cholestase.jpg]
[pa_fi_alu.html]
[pa_fi_sst.html]
[images/ins_hep.jpg]
[images/phy_panc.jpg]
[images/cirrhose.jpg]
[ens_bi_diab.html]
[ens_bi_dysl.html]
[ens_bi_rein.html]
[images/cine.jpg]
[images/diagram.jpg]
[images/hydro_phy.jpg]
[ens_bi_hep.html]
[ens_bi_panc.html]
[ens_bi_hydr.html]
[images/hydro_reg.jpg]
[images/hydro_path.jpg]
[images/hyperna.jpg]
[ens_bi_acba.html]
[ens_bi_mpc.html]
[ens_bi_thy.html]
[images/hypona.jpg]
[images/ph_tqbl.jpg]
[images/etio_ac.jpg]
[ens_bi_sur.html]
[ens_bi_uric.html]
[ens_im_al.html]
[images/ac_met.jpg]
[images/regul.jpg]
[images/hyperca.jpg]
[ens_im_au.html]
[ens_im_ese.html]
[images/phys_thyr.jpg]
[images/hypoca.jpg]
[images/path_thyr.jpg]
[ens_im_inf.html]
[ens_vi_vih.html]
[ens_vi_vhb.html]
[images/basedow.jpg]
[images/hypoth.jpg]
[images/phy_surr.jpg]
[ens_vi_vhc.html]
[ens_vi_ebv.html]
[ens_ba_bac.html]
[images/path_surr.jpg]
[images/addison.jpg]
[images/conn.jpg]
[ens_ba_prel.html]
[ens_ba_ant.html]
[images/path_uric.jpg]
[images/phys_uric.jpg]
[images/bg_menu-2.jpg]
[ens_ba_pat.html]
[ens_ba_tec.html]
[ens_pa_micr.html]
[images/anemie.jpg]
[images/ahai_epidemio.gif]
[images/ahai_diag.gif]
[ens_pa_cycl.html]
[ens_pa_rgeo.html]
[ens_pa_palu.html]
[images/ahai_etio.gif]
[images/mat_diag.gif]
[images/ahai.gif]
[ens_pa_toxo.html]
[ens_my_micr.html]
[ens_my_exam.html]
[images/mat_clinique.gif]
[images/mat_epidemio.gif]
[images/mat_classif.gif]
[ens_my_cldg.html]
[images/acc.css]
[images/mat.gif]
[images/drepano_diag.gif]
[bi_did_dix.html]
[images/drepano_clinique.gif]
[images/drepano.gif]
[images/drepano_epidemio.gif]
[bi_did_pttx.html]
[bi_dni_pttx.html]
[bi_re_re.html]
[images/folate_diag.gif]
[images/folate.gif]
[images/folate_etio.gif]
[bi_re_dep.html]
[bi_re_no.html]
[bi_he_chp.html]
[images/folate_clinique.gif]
[images/folate_epidemio.gif]
[images/etiol.jpg]
[bi_he_ihp.html]
[bi_he_cip.html]
[images/ptai.gif]
[images/tih.gif]
[images/ptai_diag.gif]
[bi_re_sra.html]
[my_acc.html]
[my_sero.html]
[images/tih_pec.gif]
[images/tih_epidemio.gif]
[images/tih_bilan.gif]
[my_se_asp-2.html]
[my_se_cry-2.html]
[my_se_can-2.html]
[images/tih_classif.gif]
[images/smn_etio.gif]
[images/smn_frottis.gif]
[my_prel.html]
[my_pr_wo-2.html]
[my_pr_li-2.html]
[images/smn_exam_complem.gif]
[images/smn_clinique.gif]
[images/smn_hemogramme.gif]
[my_pr_ch-2.html]
[my_pr_pe-2.html]
[my_pr_on-2.html]
[images/smn_epidemio.gif]
[images/smnetio.gif]
[images/smn.gif]
[my_clin.html]
[my_cl_asp.html]
[my_cl_can.html]
[images/llc_pronostic.gif]
[images/llc_immunophe.gif]
[images/llc_clinique.gif]
[my_cl_cne.html]
[my_cl_derm.html]
[my_micr.html]
[images/llc_hemogramme.gif]
[images/llc_frottis.gif]
[images/llc_epidemio.gif]
[my_mi_afl-2.html]
[my_mi_afu-2.html]
[my_mi_ani-2.html]
[images/llc.gif]
[images/wald_cyto.gif]
[images/wald_bioch.gif]
[my_mi_ang-2.html]
[my_mi_ate-2.html]
[my_mi_ave-2.html]
[images/wald_myelo.gif]
[images/wald_clinique.gif]
[images/wald_hemogramme.gif]
[my_mi_efl-2.html]
[my_mi_mau-2.html]
[my_mi_mca-2.html]
[images/wald_epidemio.gif]
[images/khaler_myelo.gif]
[images/wald.gif]
[my_mi_taba-2.html]
[my_mi_tabd-2.html]
[my_mi_tme-2.html]
[images/khaler_hemogramme.gif]
[images/khaler_clinique.gif]
[images/khaler_immunophe.gif]
[my_mi_tru-2.html]
[my_fich.html]
[my_fi_asp-2.html]
[images/khaler_bioch.gif]
[images/khaler_pronotic.gif]
[images/khaler_epidemio.gif]
[my_fi_can.html]
[my_fi_cne.html]
[my_fi_derm.html]
[images/khaler_electrop.gif]
[images/khaler.gif]
[images/khaler_gamma.gif]
[my_exam.html]
[my_ex_squ-2.html]
[my_diag.html]
[images/tricho_frottis.gif]
[images/tricho_immunophe.gif]
[images/tricho_myelo.gif]
[my_di_asp-2.html]
[my_di_cne-2.html]
[my_di_der-2.html]
[images/tricho_clinique.gif]
[images/tricho_epidemio.gif]
[images/tricho_hemogramme.gif]
[my_di_cal-2.html]
[my_ex_par-2.html]
[images/tricho_cyto.gif]
[images/tricho.gif]
[images/lmc_bioch.gif]
[images/lmc_carytotype.gif]
[images/lmc_myelo.gif]
[images/lmc_clinique.gif]
[images/lmc_hemogramme.gif]
[images/lmc_epidemio.gif]
[images/lmc.gif]
[images/vaquez_bioch.gif]
[images/vaquez_biomol.gif]
[images/vaquez_bom.gif]
[images/vaquez_clinique.gif]
[bi_dy_lp.html]
[bi_an_hbac.html]
[bi_an_clcr.html]
[images/vaquez_hemogramme.gif]
[images/vaquez_epidemio.gif]
[images/vaquez.gif]
[images/te_autres.gif]
[bi_an_malb.html]
[index-4.html]
[bi_an_ldl.html]
[diag_irc.html]
[images/te_biomol.gif]
[images/te_bom.gif]
[images/te_clinique.gif]
[images/te_epidemio.gif]
[images/te_diag.gif]
[images/te.gif]
[images/te_thrombo.gif]
[images/te_hemogramme.gif]
[images/smc_frottis.gif]
[images/smc_bom.gif]
[images/smc_biomol.gif]
[images/smc_hemogramme.gif]
[images/smc_clinique.gif]
[images/smc_autres.gif]
[images/smc_epidemio.gif]
[images/lal_autres.gif]
[images/smc.gif]
[images/lal_myelo.gif]
[images/lal_cyto.gif]
[images/lal_hemogramme.gif]
[images/lal_clinique.gif]
[images/lal_immunophe.gif]
[images/lal_epidemio.gif]
[images/lam_autres.gif]
[images/lal.gif]
[images/lam_myelo.gif]
[images/lam_cyto.gif]
[images/lam_hemogramme.gif]
[images/lam_clinique.gif]
[images/lam_classif.gif]
[images/lam_epidemio.gif]
[images/dysp_hemo.gif]
[images/lam.gif]
[images/dysp_marq.gif]
[images/dysp_frot.gif]
[images/dysp_def.gif]
[images/dysp_clin.gif]
[images/dysp_cyto.gif]
[images/dysp_epid.gif]
[images/dysp.gif]
[images/dysp_myel.gif]
[images/lmmc_hemogramme.gif]
[images/classif.jpg]
[images/lmmc_myelo.gif]
[images/lmmc_frottis.gif]
[images/lmmc_classif.gif]
[images/lmmc_clinique.gif]
[images/lmmc_epidemio.gif]
[images/lmmc.gif]
[images/physio.jpg]
[images/diag.jpg]
[images/fvwb_bilan.gif]
[images/fvwb_frustre.gif]
[images/fvwb_clinique.gif]
[images/fvwb_epidemio.gif]
[images/fvwb.gif]
[images/hemoa_bilan.gif]
[images/hemoa_diag.gif]
[images/hemoa_clinique.gif]
[images/hemob_classif.gif]
[images/hemoa_epidemio.gif]
[images/hemoa.gif]
[images/hemoa_femme.gif]
[images/hemoa_ttt.gif]
[images/hemob_bilan.gif]
[images/hemob_ttt.gif]
[images/hemob_clinique.gif]
[images/hemob_epidemio.gif]
[images/hemob.gif]
[images/sapl.jpg]
[images/saplbio.gif]
[images/saplbio_test.gif]
[images/saplbio_autres.gif]
[images/saplbio_depistage.gif]
[images/saplbio_circonstance.gif]
[images/heparine_bilan_hemosatse.gif]
[images/heparine_classif.gif]
[images/heparine_bilan_pre.gif]
[images/heparine.gif]
[images/groupe.jpg]
[images/deter.jpg]
[images/coombshai.gif]
[images/coombsiso.gif]
[images/coombspe.gif]
[images/coombsind.gif]
[images/raispe.gif]
[images/llc_012.jpg]
[images/llc_007.jpg]
[images/llc_011.jpg]
[images/llc_009.jpg]
[images/llc_003.jpg]
[images/llc_004.jpg]
[images/llc_008.jpg]
[images/llc_005.jpg]
[images/llc_013.jpg]
[images/llc_006.jpg]
[images/llc_014.jpg]
[images/llc_015.jpg]
[images/llc_016.jpg]
[images/llc_017.jpg]
[images/llc_020.jpg]
[images/lpla_007.jpg]
[images/lpla_010.jpg]
[images/lpla_006.jpg]
[images/lpla_016.jpg]
[images/lpla_005.jpg]
[images/lpla_001.jpg]
[images/lpla_011.jpg]
[images/lpla_002.jpg]
[images/lpla_017.jpg]
[images/lpla_003.jpg]
[images/lpla_012.jpg]
[images/lpla_013.jpg]
[images/lpla_014.jpg]
[images/lpla_018.jpg]
[images/lpla_015.jpg]
[images/lpla_019.jpg]
[images/lpla_022.jpg]
[images/lpla_023.jpg]
[images/lpla_024.jpg]
[images/lpla_025.jpg]
[images/foll_001.jpg]
[images/foll_010.jpg]
[images/foll_002.jpg]
[images/foll_013.jpg]
[images/foll_003.jpg]
[images/foll_004.jpg]
[images/foll_011.jpg]
[images/foll_005.jpg]
[images/foll_014.jpg]
[images/foll_006.jpg]
[images/foll_007.jpg]
[images/foll_012.jpg]
[images/foll_008.jpg]
[images/foll_015.jpg]
[images/foll_009.jpg]
[images/marg_001.jpg]
[images/marg_002.jpg]
[images/marg_003.jpg]
[images/marg_004.jpg]
[images/marg_014.jpg]
[images/marg_005.jpg]
[images/marg_006.jpg]
[images/marg_007.jpg]
[images/marg_008.jpg]
[images/marg_016.jpg]
[images/marg_009.jpg]
[images/marg_010.jpg]
[images/marg_011.jpg]
[images/marg_012.jpg]
[images/marg_015.jpg]
[images/marg_013.jpg]
[images/vill_001.jpg]
[images/vill_002.jpg]
[images/vill_004.jpg]
[images/vill_005.jpg]
[images/vill_014.jpg]
[images/vill_006.jpg]
[images/vill_007.jpg]
[images/vill_008.jpg]
[images/vill_009.jpg]
[images/vill_016.jpg]
[images/vill_010.jpg]
[images/vill_011.jpg]
[images/vill_012.jpg]
[images/vill_013.jpg]
[images/vill_015.jpg]
[images/mant_001.jpg]
[images/mant_002.jpg]
[images/mant_007.jpg]
[images/mant_003.jpg]
[images/mant_009.jpg]
[images/mant_004.jpg]
[images/mant_005.jpg]
[images/mant_008.jpg]
[images/mant_006.jpg]
[images/mant_010.jpg]
[images/mant_011.jpg]
[images/mant_012.jpg]
[images/mant_013.jpg]
[images/mant_014.jpg]
[images/mant_015.jpg]
[images/mant_016.jpg]
[images/mant_017.jpg]
[images/mant_018.jpg]
[images/mant_019.jpg]
[images/mant_020.jpg]
[images/mant_021.jpg]
[images/mant_022.jpg]
[images/mant_023.jpg]
[images/mant_024.jpg]
[images/mant_025.jpg]
[images/tric_001.jpg]
[images/bg_menu-3.jpg]
[images/physio-2.jpg]
[im_al_mul.html]
[im_al_mulq.html]
[im_al_bas.html]
[images/monospe.jpg]
[images/multiall.jpg]
[images/blot.jpg]
[images/cmf.jpg]
[images/diagles.jpg]
[images/epidles.jpg]
[images/clinles.jpg]
[images/lestit.jpg]
[images/general.jpg]
[images/ana.jpg]
[images/detanca.jpg]
[lupus_erymateux.html]
[s361-365.html]
[images/canca.jpg]
[images/panca.jpg]
[images/frccp.jpg]
[images/sapl-2.jpg]
[images/homog.jpg]
[images/image006.jpg]
[images/diagpr.jpg]
[images/epidpr.jpg]
[images/clinpr.jpg]
[images/partit.jpg]
[images/synthese_maladie_coeliaque.pdf]
[images/diagcoel.jpg]
[images/epidcoel.jpg]
[imprim-pr.html]
[images/clincoel.jpg]
[images/coeltit.jpg]
[images/epidsgs.jpg]
[images/clinsgs.jpg]
[images/sgstit.jpg]
[images/elisa.jpg]
[images/farr.jpg]
[images/norm.jpg]
[images/ifi.jpg]
[images/bisalbuminemie.jpg]
[images/nephro2.jpg]
[images/cirrhose-2.jpg]
[images/inflammation.jpg]
[images/immunofix.jpg]
[images/gamma.jpg]
[images/immunosous.jpg]
[images/prot_inflam.jpg]
[images/inflam.gif]
[images/cause.gif]
[images/thrombo.gif]
[images/etinf.gif]
[images/neo.gif]
[images/infec.gif]
[images/ba_menu.jpg]
[images/cgp.jpg]
[diagramme de classification des cocci gram positif.html]
[images/prel.png]
[images/cult.gif]
[agent pathogène.html]
[images/ident.gif]
[epidémiologie.html]
[images/exam.gif]
[clinique.html]
[images/cgn.jpg]
[diagnostic biologique.html]
[images/bgp.jpg]
[diagramme classant les cocci gram négatif.html]
[images/actino.jpg]
[diagramme classant les bacilles gram positif.html]
[images/bgn.jpg]
[diagramme classant les actinomycètes aérobies.html]
[images/cocciana.jpg]
[diagramme classant les bacilles gram négatif.html]
[ba_ba_entb.html]
[images/bgpana.jpg]
[diagramme classant les cocci anaérobies.html]
[images/bgnana.jpg]
[diagramme classant les cocci gram positif anaérobies.html]
[images/germe.gif]
[diagramme classant les bacilles gram positif anaérobies.html]
[images/exam-(2).gif]
[images/popi2003.6.delayed]
[ba_pr_ecbu.html]
[images/milieu.gif]
[ba_an_saup.html]
[images/strepto.jpg]
[images/staph.jpg]
[ba_an_strp.html]
[images/pneumo.jpg]
[ba_an_spnp.html]
[ba_an_encp.html]
[images/enc.jpg]
[images/enb.jpg]
[ba_an_entp.html]
[images/enblact.jpg]
[tableau de résistances entérobactéries.html]
[images/pyo.jpg]
[tableau décrivant les mécanismes de résistance des entérobactéries aux béta-lactamines.html]
[images/gono.jpg]
[ba_an_paep.html]
[images/meningo.jpg]
[images/haemoph.jpg]
[images/atb.jpg]
[ba_an_atbp.html]
[images/syphilis.jpg]
[schéma des principaux mécanismes d'action  et de résistance des antibiotiques.html]
[images/syph3.jpg]
[images/syph2.jpg]
[images/epid.png]
[images/agpath.png]
[images/diagbio.png]
[images/cliniq.png]
[images/conkey.jpg]
[images/ttt.gif]
[images/hektoen.jpg]
[photos et description de la gélose mac conkey.html]
[images/msa.jpg]
[principe et photos de la gélose hektoën.html]
[images/bcp.jpg]
[images/granada.jpg]
[principe et photos de la gélose chapman.html]
[principe et photos de la gélose granada.html]
[images/sang.jpg]
[principes et photos de la gélose bcp.html]
[images/choix.jpg]
[images/esculine.jpg]
[images/dnase.jpg]
[images/classification_infection_urinaire.jpg]
[images/camp.jpg]
[images/infection urinaire.pdf]
[images/cystite_simple.jpg]
[images/cystite_recidivante.jpg]
[images/cystite_compliquee.jpg]
[images/pyelonephrite_aigue_compliquee.jpg]
[images/pyelonephrite_aigue_simple.jpg]
[images/prostatite_aigue.jpg]
[images/infection_urinaire_femme_enceinte.jpg]
[images/otite_moyenne_aigue.jpg]
[images/angines.jpg]
[images/hospitalisation_pneumonie_communautaire.jpg]
[images/exacerbation_bpco.jpg]
[images/pneumonie_communautaire_grippe.jpg]
[images/pneumopathie_aigue_communautaire.jpg]
[images/att.gif]
[images/bg_menu-4.jpg]
[images/vih_suivi.jpg]
[images/vihst.jpg]
[images/vih_sero.jpg]
[images/vih_depist.jpg]
[images/vih_blotpi.jpg]
[images/vih_blot.jpg]
[images/vih_blotanc.jpg]
[images/vih_bloteta.jpg]
[images/vhc_clin.jpg]
[images/vih_blott.jpg]
[images/vhca_sero.jpg]
[images/vhc_diag.jpg]
[images/vhc_ptt.jpg]
[images/vhcc_sero.jpg]
[images/vhb_clin.jpg]
[images/vhc_ttt.jpg]
[images/vhb_interp.jpg]
[images/vhba_sero.jpg]
[images/vhd_sero.jpg]
[images/vhda_sero.jpg]
[images/vhbc_sero.jpg]
[images/vhb_ptt.jpg]
[images/ebv_sero.jpg]
[images/vha_sero.jpg]
[images/my_menu.jpg]
[images/pa_menu.jpg]
[images/amibe_id.jpg]
[diagnostic microscopique d'entamoeba histolytica.html]
[images/giardia_id.jpg]
[images/oxyurid.jpg]
[diagnostic microbiologique de giardia intestinalis.html]
[images/angvid.gif]
[images/ac_runactivecontent.js]
[images/ascaris2.jpg]
[images/flvplayer_progressive.swf]
[images/saginataid.jpg]
[images/anguil2.jpg]
[images/schisto.jpg]
[images/fasciolaid.jpg]
[images/micro.jpg]
[images/schistohae.jpg]
[images/leish.jpg]
[images/tvaginalis.jpg]
[images/diagcan.jpg]
[images/ocea.gif]
[images/diagasp.jpg]
[images/diagcryp.jpg]
[images/squames.jpg]
[images/diagderm.jpg]
[images/aspfum.jpg]
[images/pilaire.jpg]
[images/terreus.jpg]
[images/aspfla.jpg]
[images/aspnid.jpg]
[images/aspver.jpg]
[images/trubrum.jpg]
[images/niger.jpg]
[images/mcanis.jpg]
[images/tmenta.jpg]
[images/maudouinii.jpg]
[images/mgypseum.jpg]
[images/efloco.jpg]
[images/sero.jpg]
[images/afou.gif]
[images/afno.gif]
[images/afce.gif]
[images/afes.gif]
[images/afau.jpg]
[images/afau.gif]
[images/amce.gif]
[images/amno.gif]
[images/amsut.gif]
[images/amsui.gif]
[images/asce.gif]
[images/moyo.gif]
[images/asor.gif]
[images/urss.gif]
[images/euno.gif]
[images/asse.gif]
[images/euou.gif]
[images/eusu.gif]
[images/diag-2.jpg]
[images/ees.gif]
[images/ttt_palu.jpg]
[images/hospit.jpg]
[images/to_sero.gif]
[images/prophyl.jpg]
[images/infmere.jpg]
[images/to_risq.jpg]
[images/amibe.jpg]
[images/nvne.jpg]
[images/saginata.jpg]
[images/giardia.jpg]
[images/fasciola.jpg]
[images/solium.jpg]
[images/ascaris.jpg]
[images/oxyur.jpg]
[images/anguil.jpg]
[tcopo.html]
[images/ppt2003.gif]
[images/hd.gif]
[copy-2.html]
[images/ppt2007.gif]
[images/insuline.jpg]
[images/bi_di_rol.ppt]
[images/bi_di_rol.pptx]
[images/bi_di_didph.ppt]
[images/bi_di_didph.pptx]
[images/clin_did.jpg]
[images/bi_di_cl.ppt]
[images/bi_di_cl.pptx]
[images/bi_di_dniph.ppt]
[images/bi_di_dniph.pptx]
[images/bi_di_acce.ppt]
[images/bi_di_acce.pptx]
[images/lipoprot.jpg]
[images/bi_dy_ph.ppt]
[images/bi_dy_ph.pptx]
[images/bi_re_ph.ppt]
[images/bi_re_ph.pptx]
[images/bi_re_sn.ppt]
[images/bi_re_sn.pptx]
[images/bi_re_ore.ppt]
[images/bi_re_ore.pptx]
[images/sraa.jpg]
[images/bi_su_sra.ppt]
[images/bi_su_sra.pptx]
[images/bi_he_ph.ppt]
[images/bi_he_ph.pptx]
[images/bi_he_ch.ppt]
[images/bi_he_ch.pptx]
[images/bi_he_ih.ppt]
[images/bi_he_ih.pptx]
[images/bi_he_ci.ppt]
[images/bi_he_ci.pptx]
[images/bi_pa_ph.ppt]
[images/bi_pa_ph.pptx]
[images/bi_hy_mvt.ppt]
[images/bi_hy_mvt.pptx]
[images/bi_hy_bil.ppt]
[images/bi_hy_bil.pptx]
[images/bi_hy_intr.ppt]
[images/bi_hy_intr.pptx]
[images/bi_hy_hyna.ppt]
[images/bi_hy_hyna.pptx]
[images/bi_hy_hona.ppt]
[images/bi_hy_hona.pptx]
[images/ph_analyte.jpg]
[images/bi_ac_int.ppt]
[images/bi_ac_int.pptx]
[images/ph_inter.jpg]
[images/bi_ac_etio.ppt]
[images/bi_ac_etio.pptx]
[images/bi_ac_etam.ppt]
[images/bi_th_ph.ppt]
[images/bi_ac_etam.pptx]
[images/bi_th_ph.pptx]
[images/bi_th_ethy.ppt]
[images/bi_th_ethy.pptx]
[images/bi_th_dihy.pptx]
[images/bi_th_dihy.ppt]
[images/bi_th_bas.ppt]
[images/bi_th_bas.pptx]
[images/bi_th_diho.ppt]
[images/bi_th_diho.pptx]
[images/bi_su_ph.ppt]
[images/bi_su_ph.pptx]
[images/bi_su_ethy.ppt]
[images/bi_su_ethy.pptx]
[images/bi_su_con.ppt]
[images/bi_su_con.pptx]
[images/bi_su_add.ppt]
[images/bi_su_add.pptx]
[images/bi_ur_ph.ppt]
[images/bi_ur_ph.pptx]
[images/bi_ur_et.ppt]
[images/bi_ur_et.pptx]
[images/im_al_ph.ppt]
[images/im_al_ph.pptx]
[images/im_al_mon.ppt]
[images/im_al_mon.pptx]
[images/im_al_mul.ppt]
[images/im_al_mul.pptx]
[images/im_al_mulq.ppt]
[images/im_al_mulq.pptx]
[images/im_al_bas.ppt]
[images/im_al_bas.pptx]
[images/im_au_mai.ppt]
[images/im_au_mai.pptx]
[images/im_au_nu.pptx]
[images/im_au_nu.ppt]
[images/anca.jpg]
[images/im_au_ancad.ppt]
[images/im_au_ancad.pptx]
[images/im_au_fr.ppt]
[images/im_au_fr.pptx]
[images/im_au_pl.ppt]
[images/im_au_ancaid.ppt]
[images/im_au_ancaid.pptx]
[images/im_au_pl.pptx]
[images/im_el_no.ppt]
[images/im_el_no.pptx]
[images/im_el_ bis.ppt]
[images/im_el_bis.pptx]
[images/im_el_sn.ppt]
[images/im_el_sn.pptx]
[images/im_el_ci.ppt]
[images/im_infl.ppt]
[images/im_el_ci.pptx]
[images/im_infl.pptx]
[images/im_el_ga.ppt]
[images/im_el_ga.pptx]
[images/im_el_if.ppt]
[images/im_el_if.pptx]
[images/im_el_is.ppt]
[images/im_el_is.pptx]
[images/im_el_inf.ppt]
[images/im_el_inf.pptx]
[images/vi_vih_ag.ppt]
[images/vi_vih_ag.pptx]
[images/vi_vih_dep.ppt]
[images/vi_vih_dep.pptx]
[images/vi_vih_ci.ppt]
[images/vi_vih_ci.pptx]
[images/vi_vih_ev.ppt]
[images/vi_vih_ev.pptx]
[images/vi_vih_tdep.ppt]
[images/vi_vih_tdep.pptx]
[images/vi_vih_blot.ppt]
[images/vi_vih_blot.pptx]
[images/vi_vih_ptt.ppt]
[images/vi_vih_ptt.pptx]
[images/vi_vhc_cl.ppt]
[images/vi_vhb_di.ppt]
[images/vi_vhb_di.pptx]
[images/vi_vhc_cl.pptx]
[images/vi_vhb_sec.ppt]
[images/vi_vhb_sec.pptx]
[images/vi_vhb_int.ppt]
[images/vi_vhb_int.pptx]
[images/vi_vhb_ptt.ppt]
[images/vi_vhb_ptt.pptx]
[images/vi_vhd_sea.ppt]
[images/vi_vhd_sea.pptx]
[images/vi_vhd_sec.ppt]
[images/vi_vhd_sec.pptx]
[images/vi_vhc_di.ppt]
[images/vi_vhc_di.pptx]
[images/vi_vhc_sea.ppt]
[images/vi_vhc_sea.pptx]
[images/vi_vhc_sec.ppt]
[images/vi_vhc_sec.pptx]
[images/vi_vhc_ptt.ppt]
[images/vi_vhc_ptt.pptx]
[images/vi_ebv_se.ppt]
[images/vi_ebv_se.pptx]
[images/ba_cgp.png]
[images/ensemecbu.jpg]
[images/antibac.jpg]
[images/interpecbu.jpg]
[images/numecbu.png]
[images/pyo3.jpg]
[images/synergie.jpg]
[images/ba_te_bcp.ppt]
[images/ba_te_bcp.pptx]
[images/ba_te_mac.ppt]
[images/ba_te_mac.pptx]
[images/ba_te_gra.ppt]
[images/ba_te_gra.pptx]
[images/ba_te_hek.ppt]
[images/ba_te_hek.pptx]
[images/ba_te_msa.ppt]
[images/pa_mi_am.ppt]
[images/pa_mi_am.pptx]
[images/ba_te_msa.pptx]
[images/pa_mi_gia.ppt]
[images/pa_mi_gia.pptx]
[images/pa_mi_tri.ppt]
[images/pa_mi_tri.pptx]
[images/pa_mi_lei.ppt]
[images/pa_mi_lei.pptx]
[images/pa_mi_sag.ppt]
[images/pa_mi_sag.pptx]
[images/pa_mi_dis.ppt]
[images/pa_mi_dis.pptx]
[images/pa_mi_sma.ppt]
[images/pa_mi_ox.ppt]
[images/pa_mi_ox.pptx]
[images/pa_mi_asc.ppt]
[images/pa_cy_am.ppt]
[images/pa_mi_ang.pptx]
[images/pa_mi_asc.pptx]
[images/pa_mi_ang.ppt]
[images/pa_cy_am.pptx]
[images/pa_cy_gia.ppt]
[images/pa_cy_gia.pptx]
[images/pa_cy_sag.ppt]
[images/pa_cy_sag.pptx]
[images/pa_cy_sol.ppt]
[images/pa_cy_sol.pptx]
[images/pa_cy_dis.ppt]
[images/pa_cy_dis.pptx]
[images/pa_cy_ox.ppt]
[images/pa_cy_ox.pptx]
[images/pa_cy_asc.ppt]
[images/pa_cy_asc.pptx]
[images/pa_cy_ang.ppt]
[images/pa_cy_ang.pptx]
[images/afno.jpg]
[images/afou.jpg]
[images/afes.jpg]
[images/afce.jpg]
[images/morient.jpg]
[images/asce.jpg]
[images/urss.jpg]
[images/asor.jpg]
[images/asse.jpg]
[images/amno.jpg]
[images/amce.jpg]
[images/amsi.jpg]
[images/amst.jpg]
[images/euno.jpg]
[images/eusu.jpg]
[images/eues.jpg]
[images/euou.jpg]
[images/oceanie.jpg]
[images/pa_pal_di.ppt]
[images/pa_pal_di.pptx]
[images/pa_pal_ptt.ppt]
[images/pa_pal_ptt.pptx]
[images/pa_pal_ttt.ppt]
[images/pa_pal_ttt.pptx]
[images/pa_pal_pro.ppt]
[images/pa_pal_pro.pptx]
[images/pa_tox_di.ppt]
[images/pa_tox_di.pptx]
[images/pa_tox_gro.ppt]
[images/pa_tox_gro.pptx]
[images/pa_tox_nn.ppt]
[images/pa_tox_nn.pptx]
[images/my_mi_fum.ppt]
[images/myco.css]
[images/my_mi_fum.pptx]
[images/my_mi_fla.ppt]
[images/my_mi_fla.pptx]
[images/my_mi_nid.ppt]
[images/my_mi_nid.pptx]
[images/my_mi_ver.ppt]
[images/my_mi_ver.pptx]
[images/my_mi_ter.ppt]
[images/my_mi_ter.pptx]
[images/my_mi_nig.ppt]
[images/my_mi_nig.pptx]
[images/my_mi_rub.ppt]
[images/my_mi_can.ppt]
[images/my_mi_men.pptx]
[images/my_mi_rub.pptx]
[images/my_mi_men.ppt]
[images/my_mi_can.pptx]
[images/my_mi_aud.ppt]
[images/my_mi_aud.pptx]
[images/my_mi_flo.ppt]
[images/my_mi_flo.pptx]
[images/my_ex_sq.ppt]
[images/my_ex_sq.pptx]
[images/my_ex_ch.ppt]
[images/my_ex_ch.pptx]
[images/clincan.jpg]
[images/my_can_cl.ppt]
[images/my_can_cl.pptx]
[images/clincryp.jpg]
[images/my_cry_cl.ppt]
[images/my_cry_cl.pptx]
[images/clinasp.jpg]
[images/my_asp_cl.pptx]
[images/clin_derm.jpg]
[images/my_asp_cl.ppt]
[images/my_der_cl.ppt]
[images/my_der_cl.pptx]
[images/my_can_di.ppt]
[images/my_can_di.pptx]
[images/my_cry_di.ppt]
[images/my_cry_di.pptx]
[images/my_der_di.ppt]
[images/my_der_di.pptx]
[bio_bioch.html]
[bi_an_fru.html]
[images/irc_chez_ladulte_2002-_recommandations.pdf]
[images/nomo.jpg]
[images/entbioch.gif]
[images/antibacp.jpg]
[images/synergie.gif]
[images/synerpos.gif]
[images/synergiephoto.jpg]
[images/dysreco.pdf]
[popi2003.html]
[tableau de résistance aux aminosides de pseudomonas aeruginosa.html]
[antibiotique _ mécanismes d'action et de résistance.html]
[images/cahier11.pdf]
[images/cahier23.pdf]
[images/cahier31.pdf]
[images/cahier25.pdf]
